;
; This file maps GM to MT-32
;

[patches]
  0 =   0	; Acoustic Grand Piano -> Acou Piano 1
  1 =   1	; Bright Acoustic Piano -> Acou Piano 2
  2 =   3	; Electric Grand Piano -> Elec Piano 1
  3 =   7	; Honky-tonk Piano -> Honkytonk
  4 =   5	; Rhodes Piano -> Elec Piano 3
  5 =   6	; Chorused Piano -> Elec Piano 4
  6 =  17	; Harpsichord -> Harpsi 2
  7 =  21	; Clavinet -> Clavi 3
  8 =  22	; Celesta -> Celesta 1
  9 = 101	; Glockenspiel -> Glock
 10 = 101	; Music Box -> Glock
 11 =  98	; Vibraphone -> Vibe 2
 12 = 104	; Marimba -> Marimba
 13 = 103	; Xylophone -> Xylophone
 14 = 102	; Tubular Bells -> Tube Bell
 15 = 105	; Dulcimer -> Koto
 16 =  12	; Hammond Organ -> Pipe Org 1
 17 =   9	; Percussive Organ -> Elec Org 2
 18 =  10	; Rock Organ -> Elec Org 3
 19 =  13	; Church Organ -> Pipe Org 2
 20 =  14	; Reed Organ -> Pipe Org 3
 21 =  15	; Accordion -> Accordion
 22 =  87	; Harmonica -> Harmonica
 23 =  15	; Tango Accordion -> Accordion
 24 =  59	; Acoustic Guitar (nylon) -> Guitar 1
 25 =  60	; Acoustic Guitar (steel) -> Guitar 2
 26 =  59	; Electric Guitar (jazz) -> Guitar 1
 27 =  62	; Electric Guitar (clean) -> Elec Gtr 2
 28 =  61	; Electric Guitar (muted) -> Elec Gtr 1
 29 =  59	; Overdriven Guitar -> Guitar 1
 30 =  62	; Distortion Guitar -> Elec Gtr 2
 31 =  62	; Guitar Harmonics -> Elec Gtr 2
 32 =  64	; Acoustic Bass -> Acou Bass 1
 33 =  67	; Electric Bass (finger) -> Elec Bass 2
 34 =  66	; Electric Bass (pick) -> Elec Bass 1
 35 =  71	; Fretless Bass -> Fretless 2
 36 =  68	; Slap Bass 1 -> Slap Bass 1
 37 =  69	; Slap Bass 2 -> Slap Bass 2
 38 =  66	; Synth Bass 1 -> Elec Bass 1
 39 =  70	; Synth Bass 2 -> Fretless 1
 40 =  53	; Violin -> Violin 2
 41 =  52	; Viola -> Violin 1
 42 =  54	; Cello -> Cello 1
 43 =  56	; Contrabass -> Contrabass
 44 =  53	; Tremolo Strings -> Violin 2
 45 =  51	; Pizzicato Strings -> Pizzicato
 46 =  57	; Orchestral Harp -> Harp 1
 47 = 112	; Timpani -> Timpani
 48 =  48	; String Ensemble 1 -> Str Sect 1
 49 =  50	; String Ensemble 2 -> Str Sect 3
 50 =  48	; SynthStrings 1 -> Str Sect 1
 51 =  50	; SynthStrings 2 -> Str Sect 3
 52 =  34	; Choir Aahs -> Chorale
 53 =  42	; Voice Oohs -> Oboe 2001
 54 =  33	; Synth Voice -> Harmo Pan
 55 = 122	; Orchestra Hit -> Orche Hit
 56 =  88	; Trumpet -> Trumpet 1
 57 =  90	; Trombone -> Trombone 1
 58 =  94	; Tuba -> Tuba
 59 =  89	; Muted Trumpet -> Trumpet 2
 60 =  92	; French Horn -> Fr Horn 1
 61 =  95	; Brass Section -> Brs Sect 1
 62 =  89	; Synth Brass 1 -> Trumpet 2
 63 =  91	; Synth Brass 2 -> Trombone 2
 64 =  78	; Soprano Sax -> Sax 1
 65 =  79	; Alto Sax -> Sax 2
 66 =  80	; Tenor Sax -> Sax 3
 67 =  81	; Baritone Sax -> Sax 4
 68 =  84	; Oboe -> Oboe
 69 =  85	; English Horn -> Engl Horn
 70 =  86	; Bassoon -> Bassoon
 71 =  83	; Clarinet -> Clarinet 2
 72 =  75	; Piccolo -> Piccolo 2
 73 =  73	; Flute -> Flute 2
 74 =  76	; Recorder -> Recorder
 75 =  77	; Pan Flute -> Pan Pipes
 76 = 110	; Bottle Blow -> Bottleblow
 77 = 107	; Shakuhachi -> Shakuhachi
 78 = 108	; Whistle -> Whistle 1
 79 =  72	; Ocarina -> Flute 1
 80 =  47	; Lead 1 (square) -> Square Wave
 81 =  67	; Lead 2 (sawtooth) -> Elec Bass 2
 82 =  75	; Lead 3 (calliope lead) -> Piccolo 2
 83 =  51	; Lead 4 (chiff lead) -> Pizzicato
 84 =  61	; Lead 5 (charang) -> Elec Gtr 1
 85 =  72	; Lead 6 (voice) -> Flute 1
 86 =  52	; Lead 7 (fifths) -> Violin 1
 87 =  67	; Lead 8 (bass + lead) -> Elec Bass 2
 88 =  32	; Pad 1 (new age) -> Fantasy
 89 =  33	; Pad 2 (warm) -> Harmo Pan
 90 =  67	; Pad 3 (polysynth) -> Elec Bass 2
 91 =  34	; Pad 4 (choir) -> Chorale
 92 =  32	; Pad 5 (bowed) -> Fantasy
 93 =  32	; Pad 6 (metallic) -> Fantasy
 94 =  33	; Pad 7 (halo) -> Harmo Pan
 95 =  33	; Pad 8 (sweep) -> Harmo Pan
 96 =  41	; FX 1 (rain) -> Ice Rain
 97 =  36	; FX 2 (soundtrack) -> Soundtrack
 98 =  35	; FX 3 (crystal) -> Glasses
 99 =  37	; FX 4 (atmosphere) -> Atmosphere
100 =  45	; FX 5 (brightness) -> School Daze
101 =  33	; FX 6 (goblins) -> Harmo Pan
102 =  43	; FX 7 (echoes) -> Echo Pan
103 =  32	; FX 8 (sci-fi) -> Fantasy
104 =  63	; Sitar -> Sitar
105 = 105	; Banjo -> Koto
106 = 105	; Shamisen -> Koto
107 = 105	; Koto -> Koto
108 =  51	; Kalimba -> Pizzicato
109 =  81	; Bagpipe -> Sax 4
110 =  52	; Fiddle -> Violin 1
111 =  81	; Shanai -> Sax 4
112 =  23	; Tinkle Bell -> Celesta 2
113 = 103	; Agogo -> Xylophone
114 = 103	; Steel Drums -> Xylophone
115 = 113	; Woodblock -> Melodic Tom
116 = 117	; Taiko Drum -> Taiko
117 = 113	; Melodic Tom -> Melodic Tom
118 = 116	; Synth Drum -> Elec Perc 2
119 = 119	; Reverse Cymbal -> Cymbal
120 = 124	; Guitar Fret Noise -> Bird Tweet
121 = 120	; Breath Noise -> Castanets
122 = 119	; Seashore -> Cymbal
123 = 124	; Bird Tweet -> Bird Tweet
124 = 123	; Telephone Ring -> Telephone
125 = 120	; Helicopter -> Castanets
126 = 119	; Applause -> Cymbal
127 = 114	; Gunshot -> Deep Snare
